<a href="http://example.com/test/1704067200">Lorem ipsum 2024-01-01T00:00:00Z</a>
<a href="http://example.com/test/1688169600">Lorem ipsum 2023-07-01T00:00:00Z</a>
<a href="http://example.com/test/1672531200">Lorem ipsum 2023-01-01T00:00:00Z</a>
<a href="http://example.com/test/1656633600">Lorem ipsum 2022-07-01T00:00:00Z</a>
<a href="http://example.com/test/1640995200">Lorem ipsum 2022-01-01T00:00:00Z</a>
<a href="http://example.com/test/1625097600">Lorem ipsum 2021-07-01T00:00:00Z</a>
<a href="http://example.com/test/1609459200">Lorem ipsum 2021-01-01T00:00:00Z</a>
<a href="http://example.com/test/1593561600">Lorem ipsum 2020-07-01T00:00:00Z</a>
<a href="http://example.com/test/1577836800">Lorem ipsum 2020-01-01T00:00:00Z</a>
<a href="http://example.com/test/1561939200">Lorem ipsum 2019-07-01T00:00:00Z</a>
