-- 1.txt --
lol
-- 10.txt --
lol5
-- 2.txt --
lol2
-- 4.txt --
lol3
-- 5.txt --
lol4
