-- 1.txt --
hello
-- 2.txt --
world
-- 3.txt --
awesome
