-- 1.txt --
Hello, world!
-- 2.txt --
Hello, world!
Hello, world!
Hello, world!
Hello, world!
Hello, world!
Hello, world!
-- 3.txt --
Hello, world!
Hello, world!
Hello, world!
Hello, world!
Hello, world!
Hello, world!
Hello, world!
Hello, world!
Hello, world!
Hello, world!
Hello, world!
Hello, world!
Hello, world!
Hello, world!
Hello, world!
