-- 1.md --
foo
-- 2.md --
bar
-- 3.txt --
foobar
-- 4.txt --
barfoo
