tgfeed git-bfc4e5b4 (https://github.com/astrophena/tools/commit/bfc4e5b4)
built with go1.22.3, android/arm64
built at 2024-07-13T21:20:50Z
