starlet git-f57b584d (https://github.com/astrophena/tools/commit/f57b584d)
built with go1.22.3, android/arm64
built at 2024-06-29T16:46:18Z
