audiorenamer/bfc4e5b4 (+https://astrophena.name/bleep-bloop)