mdserve/v0.6.1-0.20241125133228-e92f88537561 (+https://astrophena.name/bleep-bloop)