1. cd (175)
2. e (69)
3. g (47)
4. go (44)
5. .. (36)
6. cat (27)
7. ./manage.py (16)
8. sudo (14)
9. rm (13)
10. ps (12)
