diff a b
--- a
+++ b
@@ -1,1 +1,1 @@
-no newline
\ No newline at end of file
+?
