[
  {
    "url": "https://example.com/feed.xml"
  }
]