Error: fetching gist failed: feeds must be defined and be a list