[
  {
    "method": "sendMessage",
    "args": {
      "chat_id": 123456789,
      "reply_markup": {},
      "text": "\n    \u003cp\u003eHello, world!\u003c/p\u003e\n    \u003ccode\u003e\n    \u0026lt;h1\u0026gt;PWNED! LALALALAL!\u0026lt;/h1\u0026gt;\n    \u003c/code\u003e\n    "
    }
  }
]