[
  {
    "method": "sendMessage",
    "args": {
      "chat_id": 123456789,
      "entities": [],
      "link_preview_options": {
        "is_disabled": true
      },
      "reply_markup": {},
      "text": "Hello, world!\n\n"
    }
  },
  {
    "method": "sendMessage",
    "args": {
      "chat_id": 123456789,
      "entities": [
        {
          "length": 112,
          "offset": 25,
          "type": "pre"
        }
      ],
      "link_preview_options": {
        "is_disabled": true
      },
      "text": "‚ùå Something went wrong:\n\nTraceback (most recent call last):\n  //bot.star:15:16: in handle\nError in eval: eval: missing argument for code\n\n"
    }
  }
]