[
  {
    "method": "sendMessage",
    "args": {
      "chat_id": 123456789,
      "entities": [
        {
          "length": 118,
          "offset": 25,
          "type": "pre"
        }
      ],
      "link_preview_options": {
        "is_disabled": true
      },
      "text": "‚ùå Something went wrong:\n\nTraceback (most recent call last):\n  //bot.star:3:15: in handle\nError in eval: \u003ceval\u003e:1:14: got end of file, want ')'\n\n"
    }
  }
]