[
  {
    "method": "sendMessage",
    "args": {
      "chat_id": 123456789,
      "entities": [
        {
          "length": 120,
          "offset": 24,
          "type": "pre"
        }
      ],
      "link_preview_options": {
        "is_disabled": true
      },
      "text": "‚ùå Something went wrong:\nTraceback (most recent call last):\n  bot.star:5:29: in handle\nError in files.read: file nonexistent.md not found in Gist\n"
    }
  }
]