[
  {
    "method": "sendMessage",
    "args": {
      "chat_id": 123456789,
      "entities": [
        {
          "language": "",
          "length": 14,
          "offset": 0,
          "type": "bold",
          "url": ""
        },
        {
          "language": "",
          "length": 4,
          "offset": 19,
          "type": "bold",
          "url": ""
        }
      ],
      "reply_markup": {},
      "text": "Hello, world!\n\nIâ€™m Ilya!\n\n"
    }
  }
]