[
  {
    "method": "sendMessage",
    "args": {
      "chat_id": 123456789,
      "reply_markup": {},
      "text": "Loaded!"
    }
  },
  {
    "method": "sendMessage",
    "args": {
      "chat_id": 123456789,
      "reply_markup": {},
      "text": "Hello!"
    }
  }
]