[
 {
  "method": "sendMessage",
  "args": {
   "chat_id": "123456789",
   "parse_mode": "HTML",
   "text": "‚ùå Something went wrong:\n\u003cpre\u003e\u003ccode\u003eTraceback (most recent call last):\n  bot.star:13:17: in handle\n  bot.star:2:12: in send_message\nError: function send_message missing 1 argument (text)\u003c/code\u003e\u003c/pre\u003e"
  }
 }
]