[
 {
  "title": "Updated Debian 11: 11.9 released",
  "description": "The Debian project is pleased to announce the ninth update of its\noldstable distribution Debian 11 (codename \u003cq\u003ebullseye\u003c/q\u003e).\nThis point release mainly adds corrections for security issues,\nalong with a few adjustments for serious problems. Security advisories\nhave already been published separately and are referenced where available.",
  "link": "https://www.debian.org/News/2024/2024021002",
  "links": [
   "https://www.debian.org/News/2024/2024021002"
  ],
  "published": "2024-02-10",
  "publishedParsed": "2024-02-10T00:00:00Z",
  "dcExt": {
   "date": [
    "2024-02-10"
   ]
  },
  "extensions": {
   "dc": {
    "date": [
     {
      "name": "date",
      "value": "2024-02-10",
      "attrs": {},
      "children": {}
     }
    ]
   }
  }
 },
 {
  "title": "Updated Debian 12: 12.5 released",
  "description": "The Debian project is pleased to announce the fifth update of its\nstable distribution Debian 12 (codename \u003cq\u003ebookworm\u003c/q\u003e).\nThis point release mainly adds corrections for security issues,\nalong with a few adjustments for serious problems. Security advisories\nhave already been published separately and are referenced where available.",
  "link": "https://www.debian.org/News/2024/20240210",
  "links": [
   "https://www.debian.org/News/2024/20240210"
  ],
  "published": "2024-02-10",
  "publishedParsed": "2024-02-10T00:00:00Z",
  "dcExt": {
   "date": [
    "2024-02-10"
   ]
  },
  "extensions": {
   "dc": {
    "date": [
     {
      "name": "date",
      "value": "2024-02-10",
      "attrs": {},
      "children": {}
     }
    ]
   }
  }
 },
 {
  "title": "Debian 12.4 to supersede Debian 12.3",
  "description": "The release team were advised partially through the release cycle that there\nwas the possibility of file system corruption with linux-image-6.1.0-14*.",
  "link": "https://www.debian.org/News/2023/2023121002",
  "links": [
   "https://www.debian.org/News/2023/2023121002"
  ],
  "published": "2023-12-10",
  "publishedParsed": "2023-12-10T00:00:00Z",
  "dcExt": {
   "date": [
    "2023-12-10"
   ]
  },
  "extensions": {
   "dc": {
    "date": [
     {
      "name": "date",
      "value": "2023-12-10",
      "attrs": {},
      "children": {}
     }
    ]
   }
  }
 },
 {
  "title": "Updated Debian 12: 12.4 released",
  "description": "Please be advised that this document has been updated as best to reflect\nDebian 12.3 being superseded by Debian 12.4. These changes came about from a\nlast minute bug advisory of \u003ca href=https://bugs.debian.org/1057843\u003e#1057843\u003c/a\u003e\nconcerning issues with linux-image-6.1.0-14 (6.1.64-1).",
  "link": "https://www.debian.org/News/2023/20231210",
  "links": [
   "https://www.debian.org/News/2023/20231210"
  ],
  "published": "2023-12-10",
  "publishedParsed": "2023-12-10T00:00:00Z",
  "dcExt": {
   "date": [
    "2023-12-10"
   ]
  },
  "extensions": {
   "dc": {
    "date": [
     {
      "name": "date",
      "value": "2023-12-10",
      "attrs": {},
      "children": {}
     }
    ]
   }
  }
 },
 {
  "title": "Debian 12.3 image release delayed",
  "description": "Due to an issue in the ext4 file system with data corruption in kernel 6.1.64-1, we are\npausing the planned Debian 12.3 point release images for today while we attend to fixes.",
  "link": "https://www.debian.org/News/2023/2023120902",
  "links": [
   "https://www.debian.org/News/2023/2023120902"
  ],
  "published": "2023-12-09",
  "publishedParsed": "2023-12-09T00:00:00Z",
  "dcExt": {
   "date": [
    "2023-12-09"
   ]
  },
  "extensions": {
   "dc": {
    "date": [
     {
      "name": "date",
      "value": "2023-12-09",
      "attrs": {},
      "children": {}
     }
    ]
   }
  }
 },
 {
  "title": "Updated Debian 11: 11.8 released",
  "description": "The Debian project is pleased to announce the eighth update of its\noldstable distribution Debian 11 (codename \u003cq\u003ebullseye\u003c/q\u003e).\nThis point release mainly adds corrections for security issues,\nalong with a few adjustments for serious problems. Security advisories\nhave already been published separately and are referenced where available.",
  "link": "https://www.debian.org/News/2023/2023100702",
  "links": [
   "https://www.debian.org/News/2023/2023100702"
  ],
  "published": "2023-10-07",
  "publishedParsed": "2023-10-07T00:00:00Z",
  "dcExt": {
   "date": [
    "2023-10-07"
   ]
  },
  "extensions": {
   "dc": {
    "date": [
     {
      "name": "date",
      "value": "2023-10-07",
      "attrs": {},
      "children": {}
     }
    ]
   }
  }
 },
 {
  "title": "Updated Debian 12: 12.2 released",
  "description": "The Debian project is pleased to announce the second update of its\nstable distribution Debian 12 (codename \u003cq\u003ebookworm\u003c/q\u003e).\nThis point release mainly adds corrections for security issues,\nalong with a few adjustments for serious problems. Security advisories\nhave already been published separately and are referenced where available.",
  "link": "https://www.debian.org/News/2023/20231007",
  "links": [
   "https://www.debian.org/News/2023/20231007"
  ],
  "published": "2023-10-07",
  "publishedParsed": "2023-10-07T00:00:00Z",
  "dcExt": {
   "date": [
    "2023-10-07"
   ]
  },
  "extensions": {
   "dc": {
    "date": [
     {
      "name": "date",
      "value": "2023-10-07",
      "attrs": {},
      "children": {}
     }
    ]
   }
  }
 }
]