[
 {
  "title": "Что делать с разбитой фарой, как избежать пожелтения, почему самому трудно заменить лампочку? Вопросы об автомобильной оптике\u0026nbsp;(Спецпроект)",
  "description": "\u003cp\u003e\u003ca href=\"https://auto.onliner.by/2024/04/25/voprosy-ob-avtomobilnoj-optike\"\u003e\u003cimg src=\"https://content.onliner.by/news/thumbnail/d40ab3360e9cde7df78b852f58a30a35.jpg\" alt=\"\" /\u003e\u003c/a\u003e\u003c/p\u003e\u003cp\u003eВы задавались вопросом, почему в свежих автомобилях, даже если там установлены фары с классическими лампами, так трудно эту лампу самостоятельно заменить? Или, возможно, раздумывали о том, что светит лучше: LED или ксенон? А может быть, ломали голову над тем, как избежать помутнения и пожелтения фар? Сегодня вместе с Юрием Красновым, инструктором и преподавателем по вождению, будем искать ответы на эти и другие вопросы об автомобильной оптике в очередном материале из цикла про типичные повреждения машины, который мы ведем вместе с сервисом по подбору страховок \u003ca href=\"https://vedaem.by/?utm_source=onliner\u0026amp;utm_medium=link\u0026amp;utm_campaign=project_onliner_lead\" target=\"_blank\"\u003eVedaem.by\u003c/a\u003e.\u003c/p\u003e\u003cp\u003e\u003ca href=\"https://auto.onliner.by/2024/04/25/voprosy-ob-avtomobilnoj-optike\"\u003eЧитать далее…\u003c/a\u003e\u003c/p\u003e",
  "link": "https://auto.onliner.by/2024/04/25/voprosy-ob-avtomobilnoj-optike",
  "links": [
   "https://auto.onliner.by/2024/04/25/voprosy-ob-avtomobilnoj-optike"
  ],
  "published": "Thu, 25 Apr 2024 08:00:10 +0300",
  "publishedParsed": "2024-04-25T05:00:10Z",
  "author": {
   "name": "Onliner"
  },
  "authors": [
   {
    "name": "Onliner"
   }
  ],
  "guid": "https://auto.onliner.by/2024/04/25/voprosy-ob-avtomobilnoj-optike",
  "image": {
   "url": "https://content.onliner.by/news/thumbnail/d40ab3360e9cde7df78b852f58a30a35.jpg"
  },
  "categories": [
   "Разбор с Красновым"
  ],
  "dcExt": {
   "creator": [
    "Onliner"
   ]
  },
  "extensions": {
   "dc": {
    "creator": [
     {
      "name": "creator",
      "value": "Onliner",
      "attrs": {},
      "children": {}
     }
    ]
   },
   "media": {
    "thumbnail": [
     {
      "name": "thumbnail",
      "value": "",
      "attrs": {
       "url": "https://content.onliner.by/news/thumbnail/d40ab3360e9cde7df78b852f58a30a35.jpg"
      },
      "children": {}
     }
    ]
   }
  }
 },
 {
  "title": "В Польше опрокинулся белорусский автобус с пассажирами, есть пострадавшие\u0026nbsp;(дополнено)",
  "description": "\u003cp\u003e\u003ca href=\"https://auto.onliner.by/2024/04/24/oprokinulsya-belorusskij-avtobus-2\"\u003e\u003cimg src=\"https://content.onliner.by/news/thumbnail/9f62feab09801462870cd33a098a09ee.jpg\" alt=\"\" /\u003e\u003c/a\u003e\u003c/p\u003e\u003cp\u003eСпасательное ведомство Брошкув Седльцкого повята в Польше сообщает о ДТП с белорусским автобусом, которое случилось сегодня утром, 24 апреля, на второй национальной автодороге (DK2) примерно на полпути между Варшавой и Брестом. Автобус MAN съехал в кювет, опрокинулся на правый бок и врезался в дерево.\u003c/p\u003e\u003cp\u003e\u003ca href=\"https://auto.onliner.by/2024/04/24/oprokinulsya-belorusskij-avtobus-2\"\u003eЧитать далее…\u003c/a\u003e\u003c/p\u003e",
  "link": "https://auto.onliner.by/2024/04/24/oprokinulsya-belorusskij-avtobus-2",
  "links": [
   "https://auto.onliner.by/2024/04/24/oprokinulsya-belorusskij-avtobus-2"
  ],
  "published": "Wed, 24 Apr 2024 17:57:47 +0300",
  "publishedParsed": "2024-04-24T14:57:47Z",
  "author": {
   "name": "Onliner"
  },
  "authors": [
   {
    "name": "Onliner"
   }
  ],
  "guid": "https://auto.onliner.by/2024/04/24/oprokinulsya-belorusskij-avtobus-2",
  "image": {
   "url": "https://content.onliner.by/news/thumbnail/9f62feab09801462870cd33a098a09ee.jpg"
  },
  "categories": [
   "Аварии"
  ],
  "dcExt": {
   "creator": [
    "Onliner"
   ]
  },
  "extensions": {
   "dc": {
    "creator": [
     {
      "name": "creator",
      "value": "Onliner",
      "attrs": {},
      "children": {}
     }
    ]
   },
   "media": {
    "thumbnail": [
     {
      "name": "thumbnail",
      "value": "",
      "attrs": {
       "url": "https://content.onliner.by/news/thumbnail/9f62feab09801462870cd33a098a09ee.jpg"
      },
      "children": {}
     }
    ]
   }
  }
 },
 {
  "title": "В Бресте на ходу опрокинулся прицеп с автомобилем",
  "description": "\u003cp\u003e\u003ca href=\"https://auto.onliner.by/2024/04/24/oprokinulsya-pricep\"\u003e\u003cimg src=\"https://content.onliner.by/news/thumbnail/65118423d4e1bf129de35f8f051569d6.jpg\" alt=\"\" /\u003e\u003c/a\u003e\u003c/p\u003e\u003cp\u003e23 апреля около 21:00 в Бресте на улице Зубачева опрокинулся автомобиль. За рулем никого не было, эту машину перевозили на прицепе. Подробности сообщили в УВД Брестской области.\u003c/p\u003e\u003cp\u003e\u003ca href=\"https://auto.onliner.by/2024/04/24/oprokinulsya-pricep\"\u003eЧитать далее…\u003c/a\u003e\u003c/p\u003e",
  "link": "https://auto.onliner.by/2024/04/24/oprokinulsya-pricep",
  "links": [
   "https://auto.onliner.by/2024/04/24/oprokinulsya-pricep"
  ],
  "published": "Wed, 24 Apr 2024 17:57:20 +0300",
  "publishedParsed": "2024-04-24T14:57:20Z",
  "author": {
   "name": "Onliner"
  },
  "authors": [
   {
    "name": "Onliner"
   }
  ],
  "guid": "https://auto.onliner.by/2024/04/24/oprokinulsya-pricep",
  "image": {
   "url": "https://content.onliner.by/news/thumbnail/65118423d4e1bf129de35f8f051569d6.jpg"
  },
  "categories": [
   "Аварии"
  ],
  "dcExt": {
   "creator": [
    "Onliner"
   ]
  },
  "extensions": {
   "dc": {
    "creator": [
     {
      "name": "creator",
      "value": "Onliner",
      "attrs": {},
      "children": {}
     }
    ]
   },
   "media": {
    "thumbnail": [
     {
      "name": "thumbnail",
      "value": "",
      "attrs": {
       "url": "https://content.onliner.by/news/thumbnail/65118423d4e1bf129de35f8f051569d6.jpg"
      },
      "children": {}
     }
    ]
   }
  }
 },
 {
  "title": "Автомобиль съехал в кювет и перевернулся, людей доставали спасатели\u0026nbsp;(видео)",
  "description": "\u003cp\u003e\u003ca href=\"https://auto.onliner.by/2024/04/24/avtomobil-sexal-v-kyuvet-i-perevernulsya-lyudej-dostavali-spasateli\"\u003e\u003cimg src=\"https://content.onliner.by/news/thumbnail/2f0c08429607f6ecde7cf7004adaf7e0.jpg\" alt=\"\" /\u003e\u003c/a\u003e\u003c/p\u003e\u003cp\u003eВчера поздно вечером в одной из деревень Дзержинского района спасатели деблокировали людей из оказавшегося в кювете автомобиля. Действия сотрудников МЧС попали на видео.\u003c/p\u003e\u003cp\u003e\u003ca href=\"https://auto.onliner.by/2024/04/24/avtomobil-sexal-v-kyuvet-i-perevernulsya-lyudej-dostavali-spasateli\"\u003eЧитать далее…\u003c/a\u003e\u003c/p\u003e",
  "link": "https://auto.onliner.by/2024/04/24/avtomobil-sexal-v-kyuvet-i-perevernulsya-lyudej-dostavali-spasateli",
  "links": [
   "https://auto.onliner.by/2024/04/24/avtomobil-sexal-v-kyuvet-i-perevernulsya-lyudej-dostavali-spasateli"
  ],
  "published": "Wed, 24 Apr 2024 16:24:50 +0300",
  "publishedParsed": "2024-04-24T13:24:50Z",
  "author": {
   "name": "Onliner"
  },
  "authors": [
   {
    "name": "Onliner"
   }
  ],
  "guid": "https://auto.onliner.by/2024/04/24/avtomobil-sexal-v-kyuvet-i-perevernulsya-lyudej-dostavali-spasateli",
  "image": {
   "url": "https://content.onliner.by/news/thumbnail/2f0c08429607f6ecde7cf7004adaf7e0.jpg"
  },
  "categories": [
   "Аварии"
  ],
  "dcExt": {
   "creator": [
    "Onliner"
   ]
  },
  "extensions": {
   "dc": {
    "creator": [
     {
      "name": "creator",
      "value": "Onliner",
      "attrs": {},
      "children": {}
     }
    ]
   },
   "media": {
    "thumbnail": [
     {
      "name": "thumbnail",
      "value": "",
      "attrs": {
       "url": "https://content.onliner.by/news/thumbnail/2f0c08429607f6ecde7cf7004adaf7e0.jpg"
      },
      "children": {}
     }
    ]
   }
  }
 },
 {
  "title": "Вот поэтому и нельзя ездить на самокате вдвоем. Показательное видео\u0026nbsp;(видео)",
  "description": "\u003cp\u003e\u003ca href=\"https://auto.onliner.by/2024/04/24/na-samokate-vdvoem\"\u003e\u003cimg src=\"https://content.onliner.by/news/thumbnail/a9210e993aafde74b579d78dc08a7dd7.jpg\" alt=\"\" /\u003e\u003c/a\u003e\u003c/p\u003e\u003cp\u003eКикшеринг борется с теми, кто ездит на электросамокатах вдвоем. Whoosh, к примеру, уже \u003ca href=\"https://auto.onliner.by/2024/04/16/perspektivy_elektrosamokatov\" target=\"_blank\"\u003eанонсировал\u003c/a\u003e полноценный запуск технологии, которая сможет автоматически отслеживать и блокировать такие поездки, нарушителей будут предупреждать или штрафовать, а самых упорных — вообще отключать от сервиса. Если задавались вопросом, чем опасны поездки вдвоем на одном электросамокате, просто посмотрите это видео.\u003c/p\u003e\u003cp\u003e\u003ca href=\"https://auto.onliner.by/2024/04/24/na-samokate-vdvoem\"\u003eЧитать далее…\u003c/a\u003e\u003c/p\u003e",
  "link": "https://auto.onliner.by/2024/04/24/na-samokate-vdvoem",
  "links": [
   "https://auto.onliner.by/2024/04/24/na-samokate-vdvoem"
  ],
  "published": "Wed, 24 Apr 2024 15:40:37 +0300",
  "publishedParsed": "2024-04-24T12:40:37Z",
  "author": {
   "name": "Onliner"
  },
  "authors": [
   {
    "name": "Onliner"
   }
  ],
  "guid": "https://auto.onliner.by/2024/04/24/na-samokate-vdvoem",
  "image": {
   "url": "https://content.onliner.by/news/thumbnail/a9210e993aafde74b579d78dc08a7dd7.jpg"
  },
  "categories": [
   "Дорожная обстановка"
  ],
  "dcExt": {
   "creator": [
    "Onliner"
   ]
  },
  "extensions": {
   "dc": {
    "creator": [
     {
      "name": "creator",
      "value": "Onliner",
      "attrs": {},
      "children": {}
     }
    ]
   },
   "media": {
    "thumbnail": [
     {
      "name": "thumbnail",
      "value": "",
      "attrs": {
       "url": "https://content.onliner.by/news/thumbnail/a9210e993aafde74b579d78dc08a7dd7.jpg"
      },
      "children": {}
     }
    ]
   }
  }
 },
 {
  "title": "Обновленный FAW Bestune NAT с улучшенной батареей привезли в Беларусь",
  "description": "\u003cp\u003e\u003ca href=\"https://auto.onliner.by/2024/04/24/obnovlennyj-nat\"\u003e\u003cimg src=\"https://content.onliner.by/news/thumbnail/76d8879a4e9ffce89ee53624b68837ec.jpg\" alt=\"\" /\u003e\u003c/a\u003e\u003c/p\u003e\u003cp\u003eО старте продаж обновленных электровэнов FAW Bestune NAT объявил дистрибьютор марки в Беларуси, компания «ФелОкт-Сервис». В числе прочего в модели используется обновленная батарея производства CATL емкостью 54,4 кВт·ч. Утверждается, что она позволяет увеличить запас хода на одном заряде до 425 километров (по циклу NEDC). При этом цена на электромобиль осталась на прежнем уровне — от 71 990 рублей.\u003c/p\u003e\u003cp\u003e\u003ca href=\"https://auto.onliner.by/2024/04/24/obnovlennyj-nat\"\u003eЧитать далее…\u003c/a\u003e\u003c/p\u003e",
  "link": "https://auto.onliner.by/2024/04/24/obnovlennyj-nat",
  "links": [
   "https://auto.onliner.by/2024/04/24/obnovlennyj-nat"
  ],
  "published": "Wed, 24 Apr 2024 14:54:54 +0300",
  "publishedParsed": "2024-04-24T11:54:54Z",
  "author": {
   "name": "Onliner"
  },
  "authors": [
   {
    "name": "Onliner"
   }
  ],
  "guid": "https://auto.onliner.by/2024/04/24/obnovlennyj-nat",
  "image": {
   "url": "https://content.onliner.by/news/thumbnail/76d8879a4e9ffce89ee53624b68837ec.jpg"
  },
  "categories": [
   "Новости автомира"
  ],
  "dcExt": {
   "creator": [
    "Onliner"
   ]
  },
  "extensions": {
   "dc": {
    "creator": [
     {
      "name": "creator",
      "value": "Onliner",
      "attrs": {},
      "children": {}
     }
    ]
   },
   "media": {
    "thumbnail": [
     {
      "name": "thumbnail",
      "value": "",
      "attrs": {
       "url": "https://content.onliner.by/news/thumbnail/76d8879a4e9ffce89ee53624b68837ec.jpg"
      },
      "children": {}
     }
    ]
   }
  }
 },
 {
  "title": "Стали известны характеристики обновленного Tesla Model 3 Performance",
  "description": "\u003cp\u003e\u003ca href=\"https://auto.onliner.by/2024/04/24/stali-izvestny-xarakteristiki-obnovlennogo-tesla-model-3-performance\"\u003e\u003cimg src=\"https://content.onliner.by/news/thumbnail/a4b2eeaec017065e118f3bfb1d24774f.jpg\" alt=\"\" /\u003e\u003c/a\u003e\u003c/p\u003e\u003cp\u003eМодифицированный Tesla Model 3 Performance производитель называет самой мощной версией модели из когда-либо созданных. Улучшения, однако, коснулись не только силовой установки.\u003c/p\u003e\u003cp\u003e\u003ca href=\"https://auto.onliner.by/2024/04/24/stali-izvestny-xarakteristiki-obnovlennogo-tesla-model-3-performance\"\u003eЧитать далее…\u003c/a\u003e\u003c/p\u003e",
  "link": "https://auto.onliner.by/2024/04/24/stali-izvestny-xarakteristiki-obnovlennogo-tesla-model-3-performance",
  "links": [
   "https://auto.onliner.by/2024/04/24/stali-izvestny-xarakteristiki-obnovlennogo-tesla-model-3-performance"
  ],
  "published": "Wed, 24 Apr 2024 14:30:50 +0300",
  "publishedParsed": "2024-04-24T11:30:50Z",
  "author": {
   "name": "Onliner"
  },
  "authors": [
   {
    "name": "Onliner"
   }
  ],
  "guid": "https://auto.onliner.by/2024/04/24/stali-izvestny-xarakteristiki-obnovlennogo-tesla-model-3-performance",
  "image": {
   "url": "https://content.onliner.by/news/thumbnail/a4b2eeaec017065e118f3bfb1d24774f.jpg"
  },
  "categories": [
   "Новости автомира"
  ],
  "dcExt": {
   "creator": [
    "Onliner"
   ]
  },
  "extensions": {
   "dc": {
    "creator": [
     {
      "name": "creator",
      "value": "Onliner",
      "attrs": {},
      "children": {}
     }
    ]
   },
   "media": {
    "thumbnail": [
     {
      "name": "thumbnail",
      "value": "",
      "attrs": {
       "url": "https://content.onliner.by/news/thumbnail/a4b2eeaec017065e118f3bfb1d24774f.jpg"
      },
      "children": {}
     }
    ]
   }
  }
 },
 {
  "title": "Теперь можно будет ездить 30 дней на «транзитах» и утилизировать авто через год простоя",
  "description": "\u003cp\u003e\u003ca href=\"https://auto.onliner.by/2024/04/24/novoe-v-registracii-ts-mozhno-ezdit-30-dnej-na-tranzitax-i-utilizirovat-avto-cherez-god-prostoya\"\u003e\u003cimg src=\"https://content.onliner.by/news/thumbnail/04899c76e7c4e1de59ac1d9d86343342.jpg\" alt=\"\" /\u003e\u003c/a\u003e\u003c/p\u003e\u003cp\u003eВ постановление Совета министров «О государственной регистрации и государственном учете ТС» \u003ca href=\"https://pravo.by/document/?guid=12551\u0026amp;p0=C22400294\" target=\"_blank\"\u003eвнесли\u003c/a\u003e ряд корректировок и дополнений. Мы выделили наиболее важные из них.\u003c/p\u003e\u003cp\u003e\u003ca href=\"https://auto.onliner.by/2024/04/24/novoe-v-registracii-ts-mozhno-ezdit-30-dnej-na-tranzitax-i-utilizirovat-avto-cherez-god-prostoya\"\u003eЧитать далее…\u003c/a\u003e\u003c/p\u003e",
  "link": "https://auto.onliner.by/2024/04/24/novoe-v-registracii-ts-mozhno-ezdit-30-dnej-na-tranzitax-i-utilizirovat-avto-cherez-god-prostoya",
  "links": [
   "https://auto.onliner.by/2024/04/24/novoe-v-registracii-ts-mozhno-ezdit-30-dnej-na-tranzitax-i-utilizirovat-avto-cherez-god-prostoya"
  ],
  "published": "Wed, 24 Apr 2024 13:31:00 +0300",
  "publishedParsed": "2024-04-24T10:31:00Z",
  "author": {
   "name": "Onliner"
  },
  "authors": [
   {
    "name": "Onliner"
   }
  ],
  "guid": "https://auto.onliner.by/2024/04/24/novoe-v-registracii-ts-mozhno-ezdit-30-dnej-na-tranzitax-i-utilizirovat-avto-cherez-god-prostoya",
  "image": {
   "url": "https://content.onliner.by/news/thumbnail/04899c76e7c4e1de59ac1d9d86343342.jpg"
  },
  "categories": [
   "Законы"
  ],
  "dcExt": {
   "creator": [
    "Onliner"
   ]
  },
  "extensions": {
   "dc": {
    "creator": [
     {
      "name": "creator",
      "value": "Onliner",
      "attrs": {},
      "children": {}
     }
    ]
   },
   "media": {
    "thumbnail": [
     {
      "name": "thumbnail",
      "value": "",
      "attrs": {
       "url": "https://content.onliner.by/news/thumbnail/04899c76e7c4e1de59ac1d9d86343342.jpg"
      },
      "children": {}
     }
    ]
   }
  }
 },
 {
  "title": "Подставил друга и сам сбежал за границу. Два уголовных дела из-за одной разбитой Alfa Romeo",
  "description": "\u003cp\u003e\u003ca href=\"https://auto.onliner.by/2024/04/24/poddelal-dokumenty\"\u003e\u003cimg src=\"https://content.onliner.by/news/thumbnail/2c9e61b4db5a989f3ee28dfdbae94a82.jpg\" alt=\"\" /\u003e\u003c/a\u003e\u003c/p\u003e\u003cp\u003eВ августе 2022 года к 38-летнему директору одной из СТО в Минске обратился его приятель. Он рассказал, что не по своей вине попал в аварию, его Alfa Romeo теперь требуется серьезный ремонт. Директор СТО согласился помочь. Для них обоих эта история завершилась уголовными делами о мошенничестве, подробности сообщает Следственный комитет.\u003c/p\u003e\u003cp\u003e\u003ca href=\"https://auto.onliner.by/2024/04/24/poddelal-dokumenty\"\u003eЧитать далее…\u003c/a\u003e\u003c/p\u003e",
  "link": "https://auto.onliner.by/2024/04/24/poddelal-dokumenty",
  "links": [
   "https://auto.onliner.by/2024/04/24/poddelal-dokumenty"
  ],
  "published": "Wed, 24 Apr 2024 13:24:32 +0300",
  "publishedParsed": "2024-04-24T10:24:32Z",
  "author": {
   "name": "Onliner"
  },
  "authors": [
   {
    "name": "Onliner"
   }
  ],
  "guid": "https://auto.onliner.by/2024/04/24/poddelal-dokumenty",
  "image": {
   "url": "https://content.onliner.by/news/thumbnail/2c9e61b4db5a989f3ee28dfdbae94a82.jpg"
  },
  "categories": [
   "Криминал"
  ],
  "dcExt": {
   "creator": [
    "Onliner"
   ]
  },
  "extensions": {
   "dc": {
    "creator": [
     {
      "name": "creator",
      "value": "Onliner",
      "attrs": {},
      "children": {}
     }
    ]
   },
   "media": {
    "thumbnail": [
     {
      "name": "thumbnail",
      "value": "",
      "attrs": {
       "url": "https://content.onliner.by/news/thumbnail/2c9e61b4db5a989f3ee28dfdbae94a82.jpg"
      },
      "children": {}
     }
    ]
   }
  }
 },
 {
  "title": "Легковое авто столкнулось с маршруткой в Могилеве",
  "description": "\u003cp\u003e\u003ca href=\"https://auto.onliner.by/2024/04/24/legkovoe-avto-stolknulos-s-marshrutkoj-est-postradavshie\"\u003e\u003cimg src=\"https://content.onliner.by/news/thumbnail/866a9617cdf1fefea3d870ff217bb2d0.jpg\" alt=\"\" /\u003e\u003c/a\u003e\u003c/p\u003e\u003cp\u003eСегодня около 8 часов утра в Могилеве произошло столкновение Hyundai и маршрутки. ДТП случилось на улице Димитрова.\u003c/p\u003e\u003cp\u003e\u003ca href=\"https://auto.onliner.by/2024/04/24/legkovoe-avto-stolknulos-s-marshrutkoj-est-postradavshie\"\u003eЧитать далее…\u003c/a\u003e\u003c/p\u003e",
  "link": "https://auto.onliner.by/2024/04/24/legkovoe-avto-stolknulos-s-marshrutkoj-est-postradavshie",
  "links": [
   "https://auto.onliner.by/2024/04/24/legkovoe-avto-stolknulos-s-marshrutkoj-est-postradavshie"
  ],
  "published": "Wed, 24 Apr 2024 12:31:46 +0300",
  "publishedParsed": "2024-04-24T09:31:46Z",
  "author": {
   "name": "Onliner"
  },
  "authors": [
   {
    "name": "Onliner"
   }
  ],
  "guid": "https://auto.onliner.by/2024/04/24/legkovoe-avto-stolknulos-s-marshrutkoj-est-postradavshie",
  "image": {
   "url": "https://content.onliner.by/news/thumbnail/866a9617cdf1fefea3d870ff217bb2d0.jpg"
  },
  "categories": [
   "Аварии"
  ],
  "dcExt": {
   "creator": [
    "Onliner"
   ]
  },
  "extensions": {
   "dc": {
    "creator": [
     {
      "name": "creator",
      "value": "Onliner",
      "attrs": {},
      "children": {}
     }
    ]
   },
   "media": {
    "thumbnail": [
     {
      "name": "thumbnail",
      "value": "",
      "attrs": {
       "url": "https://content.onliner.by/news/thumbnail/866a9617cdf1fefea3d870ff217bb2d0.jpg"
      },
      "children": {}
     }
    ]
   }
  }
 },
 {
  "title": "Чтобы задержать угонщика, объявили план «Перехват»",
  "description": "\u003cp\u003e\u003ca href=\"https://auto.onliner.by/2024/04/24/chtoby-zaderzhat-ugonshhika-obyavili-plan-perexvat\"\u003e\u003cimg src=\"https://content.onliner.by/news/thumbnail/d31a08fcc8ffca15b32f95bb219bf255.jpg\" alt=\"\" /\u003e\u003c/a\u003e\u003c/p\u003e\u003cp\u003eНа территории Гомеля объявили план «Перехват», чтобы задержать угонщика Skoda Rapid. Первоначально авто находилось на улице 70 лет БССР.\u003c/p\u003e\u003cp\u003e\u003ca href=\"https://auto.onliner.by/2024/04/24/chtoby-zaderzhat-ugonshhika-obyavili-plan-perexvat\"\u003eЧитать далее…\u003c/a\u003e\u003c/p\u003e",
  "link": "https://auto.onliner.by/2024/04/24/chtoby-zaderzhat-ugonshhika-obyavili-plan-perexvat",
  "links": [
   "https://auto.onliner.by/2024/04/24/chtoby-zaderzhat-ugonshhika-obyavili-plan-perexvat"
  ],
  "published": "Wed, 24 Apr 2024 12:00:17 +0300",
  "publishedParsed": "2024-04-24T09:00:17Z",
  "author": {
   "name": "Onliner"
  },
  "authors": [
   {
    "name": "Onliner"
   }
  ],
  "guid": "https://auto.onliner.by/2024/04/24/chtoby-zaderzhat-ugonshhika-obyavili-plan-perexvat",
  "image": {
   "url": "https://content.onliner.by/news/thumbnail/d31a08fcc8ffca15b32f95bb219bf255.jpg"
  },
  "categories": [
   "Криминал"
  ],
  "dcExt": {
   "creator": [
    "Onliner"
   ]
  },
  "extensions": {
   "dc": {
    "creator": [
     {
      "name": "creator",
      "value": "Onliner",
      "attrs": {},
      "children": {}
     }
    ]
   },
   "media": {
    "thumbnail": [
     {
      "name": "thumbnail",
      "value": "",
      "attrs": {
       "url": "https://content.onliner.by/news/thumbnail/d31a08fcc8ffca15b32f95bb219bf255.jpg"
      },
      "children": {}
     }
    ]
   }
  }
 },
 {
  "title": "В районе Комаровки остановились троллейбусы. Причина попала на видео\u0026nbsp;(видео)",
  "description": "\u003cp\u003e\u003ca href=\"https://auto.onliner.by/2024/04/24/ostanovilis-trollejbusy\"\u003e\u003cimg src=\"https://content.onliner.by/news/thumbnail/07f4e2949161a26316077f7d96b59137.jpg\" alt=\"\" /\u003e\u003c/a\u003e\u003c/p\u003e\u003cp\u003e«Минсктранс» сообщил о том, что сегодня с 08:48 на пересечении улиц Максима Богдановича и Веры Хоружей из-за повреждения контактной сети произошла остановка движения троллейбусов нескольких маршрутов. Момент обрыва линии попал на запись видеорегистратора.\u003c/p\u003e\u003cp\u003e\u003ca href=\"https://auto.onliner.by/2024/04/24/ostanovilis-trollejbusy\"\u003eЧитать далее…\u003c/a\u003e\u003c/p\u003e",
  "link": "https://auto.onliner.by/2024/04/24/ostanovilis-trollejbusy",
  "links": [
   "https://auto.onliner.by/2024/04/24/ostanovilis-trollejbusy"
  ],
  "published": "Wed, 24 Apr 2024 10:39:57 +0300",
  "publishedParsed": "2024-04-24T07:39:57Z",
  "author": {
   "name": "Onliner"
  },
  "authors": [
   {
    "name": "Onliner"
   }
  ],
  "guid": "https://auto.onliner.by/2024/04/24/ostanovilis-trollejbusy",
  "image": {
   "url": "https://content.onliner.by/news/thumbnail/07f4e2949161a26316077f7d96b59137.jpg"
  },
  "categories": [
   "Дорожная обстановка"
  ],
  "dcExt": {
   "creator": [
    "Onliner"
   ]
  },
  "extensions": {
   "dc": {
    "creator": [
     {
      "name": "creator",
      "value": "Onliner",
      "attrs": {},
      "children": {}
     }
    ]
   },
   "media": {
    "thumbnail": [
     {
      "name": "thumbnail",
      "value": "",
      "attrs": {
       "url": "https://content.onliner.by/news/thumbnail/07f4e2949161a26316077f7d96b59137.jpg"
      },
      "children": {}
     }
    ]
   }
  }
 },
 {
  "title": "Водителю стало плохо в дороге, он скончался ",
  "description": "\u003cp\u003e\u003ca href=\"https://auto.onliner.by/2024/04/24/voditelyu-stalo-ploxo-v-doroge-on-skonchalsya\"\u003e\u003cimg src=\"https://content.onliner.by/news/thumbnail/8aad023b1ddb18d1c317d39c8f53b0b7.jpg\" alt=\"\" /\u003e\u003c/a\u003e\u003c/p\u003e\u003cp\u003eВечером в минувший понедельник житель Барановичей ехал по райцентру, когда внезапно ему стало плохо. К сожалению, спасти водителя не удалось. \u003c/p\u003e\u003cp\u003e\u003ca href=\"https://auto.onliner.by/2024/04/24/voditelyu-stalo-ploxo-v-doroge-on-skonchalsya\"\u003eЧитать далее…\u003c/a\u003e\u003c/p\u003e",
  "link": "https://auto.onliner.by/2024/04/24/voditelyu-stalo-ploxo-v-doroge-on-skonchalsya",
  "links": [
   "https://auto.onliner.by/2024/04/24/voditelyu-stalo-ploxo-v-doroge-on-skonchalsya"
  ],
  "published": "Wed, 24 Apr 2024 10:30:41 +0300",
  "publishedParsed": "2024-04-24T07:30:41Z",
  "author": {
   "name": "Onliner"
  },
  "authors": [
   {
    "name": "Onliner"
   }
  ],
  "guid": "https://auto.onliner.by/2024/04/24/voditelyu-stalo-ploxo-v-doroge-on-skonchalsya",
  "image": {
   "url": "https://content.onliner.by/news/thumbnail/8aad023b1ddb18d1c317d39c8f53b0b7.jpg"
  },
  "categories": [
   "Дорожная обстановка"
  ],
  "dcExt": {
   "creator": [
    "Onliner"
   ]
  },
  "extensions": {
   "dc": {
    "creator": [
     {
      "name": "creator",
      "value": "Onliner",
      "attrs": {},
      "children": {}
     }
    ]
   },
   "media": {
    "thumbnail": [
     {
      "name": "thumbnail",
      "value": "",
      "attrs": {
       "url": "https://content.onliner.by/news/thumbnail/8aad023b1ddb18d1c317d39c8f53b0b7.jpg"
      },
      "children": {}
     }
    ]
   }
  }
 },
 {
  "title": "В Минске пройдет новый сезон детского велопроекта «Першы Ровар». Участвовать можно будет всей семьей\u0026nbsp;(дополнено)",
  "description": "\u003cp\u003e\u003ca href=\"https://auto.onliner.by/2024/04/24/pershy-rovar\"\u003e\u003cimg src=\"https://content.onliner.by/news/thumbnail/d9d77dc7509db061fad2ec90f0a59751.jpg\" alt=\"\" /\u003e\u003c/a\u003e\u003c/p\u003e\u003cp\u003eНовый сезон проекта «Першы Ровар» пройдет в Минске с 27 апреля по 12 октября 2024 года. Соревнования проведут в каждом районе, первый этап — в Лошицком парке. 1 июня, в День защиты детей, фестиваль состоится на площадке у Дворца спорта. Закрытие сезона уже по традиции примет велодром «Минск-Арены».\u003c/p\u003e\u003cp\u003e\u003ca href=\"https://auto.onliner.by/2024/04/24/pershy-rovar\"\u003eЧитать далее…\u003c/a\u003e\u003c/p\u003e",
  "link": "https://auto.onliner.by/2024/04/24/pershy-rovar",
  "links": [
   "https://auto.onliner.by/2024/04/24/pershy-rovar"
  ],
  "published": "Wed, 24 Apr 2024 09:38:13 +0300",
  "publishedParsed": "2024-04-24T06:38:13Z",
  "author": {
   "name": "Onliner"
  },
  "authors": [
   {
    "name": "Onliner"
   }
  ],
  "guid": "https://auto.onliner.by/2024/04/24/pershy-rovar",
  "image": {
   "url": "https://content.onliner.by/news/thumbnail/d9d77dc7509db061fad2ec90f0a59751.jpg"
  },
  "categories": [
   "Без рубрики"
  ],
  "dcExt": {
   "creator": [
    "Onliner"
   ]
  },
  "extensions": {
   "dc": {
    "creator": [
     {
      "name": "creator",
      "value": "Onliner",
      "attrs": {},
      "children": {}
     }
    ]
   },
   "media": {
    "thumbnail": [
     {
      "name": "thumbnail",
      "value": "",
      "attrs": {
       "url": "https://content.onliner.by/news/thumbnail/d9d77dc7509db061fad2ec90f0a59751.jpg"
      },
      "children": {}
     }
    ]
   }
  }
 },
 {
  "title": "Внешность обманчива. Что не так с этим RX",
  "description": "\u003cp\u003e\u003ca href=\"https://auto.onliner.by/2024/04/24/exeed-rx\"\u003e\u003cimg src=\"https://content.onliner.by/news/thumbnail/c544717164cb4e2185c543428845f964.jpg\" alt=\"\" /\u003e\u003c/a\u003e\u003c/p\u003e\u003cp\u003eТестовый RX я забирал в автоцентре Toyota. Было бы логично, если бы это был Lexus — тот самый, который сейчас от 430 тысяч рублей стоит. Но этот кроссовер почти в два с половиной раза дешевле — от 169 тысяч рублей. Потому что Exeed. Ну и как он, этот китайский премиум?\u003c/p\u003e\u003cp\u003e\u003ca href=\"https://auto.onliner.by/2024/04/24/exeed-rx\"\u003eЧитать далее…\u003c/a\u003e\u003c/p\u003e",
  "link": "https://auto.onliner.by/2024/04/24/exeed-rx",
  "links": [
   "https://auto.onliner.by/2024/04/24/exeed-rx"
  ],
  "published": "Wed, 24 Apr 2024 08:00:53 +0300",
  "publishedParsed": "2024-04-24T05:00:53Z",
  "author": {
   "name": "Onliner"
  },
  "authors": [
   {
    "name": "Onliner"
   }
  ],
  "guid": "https://auto.onliner.by/2024/04/24/exeed-rx",
  "image": {
   "url": "https://content.onliner.by/news/thumbnail/c544717164cb4e2185c543428845f964.jpg"
  },
  "categories": [
   "Тест-драйвы"
  ],
  "dcExt": {
   "creator": [
    "Onliner"
   ]
  },
  "extensions": {
   "dc": {
    "creator": [
     {
      "name": "creator",
      "value": "Onliner",
      "attrs": {},
      "children": {}
     }
    ]
   },
   "media": {
    "thumbnail": [
     {
      "name": "thumbnail",
      "value": "",
      "attrs": {
       "url": "https://content.onliner.by/news/thumbnail/c544717164cb4e2185c543428845f964.jpg"
      },
      "children": {}
     }
    ]
   }
  }
 },
 {
  "title": "В аварии под Пинском погибли два человека",
  "description": "\u003cp\u003e\u003ca href=\"https://auto.onliner.by/2024/04/23/v-avarii-pod-pinskom-pogibli-dva-cheloveka\"\u003e\u003cimg src=\"https://content.onliner.by/news/thumbnail/b7f1cbc42bb7060461527c1acd19cca6.jpg\" alt=\"\" /\u003e\u003c/a\u003e\u003c/p\u003e\u003cp\u003eКак сообщает Следственный комитет, авария произошла вечером 23 апреля. Около Пинска столкнулись две легковушки \u003cem\u003e—\u003c/em\u003e Volkswagen и Audi. Повреждения получили еще два авто.\u003c/p\u003e\u003cp\u003e\u003ca href=\"https://auto.onliner.by/2024/04/23/v-avarii-pod-pinskom-pogibli-dva-cheloveka\"\u003eЧитать далее…\u003c/a\u003e\u003c/p\u003e",
  "link": "https://auto.onliner.by/2024/04/23/v-avarii-pod-pinskom-pogibli-dva-cheloveka",
  "links": [
   "https://auto.onliner.by/2024/04/23/v-avarii-pod-pinskom-pogibli-dva-cheloveka"
  ],
  "published": "Tue, 23 Apr 2024 22:49:23 +0300",
  "publishedParsed": "2024-04-23T19:49:23Z",
  "author": {
   "name": "Onliner"
  },
  "authors": [
   {
    "name": "Onliner"
   }
  ],
  "guid": "https://auto.onliner.by/2024/04/23/v-avarii-pod-pinskom-pogibli-dva-cheloveka",
  "image": {
   "url": "https://content.onliner.by/news/thumbnail/b7f1cbc42bb7060461527c1acd19cca6.jpg"
  },
  "categories": [
   "Аварии"
  ],
  "dcExt": {
   "creator": [
    "Onliner"
   ]
  },
  "extensions": {
   "dc": {
    "creator": [
     {
      "name": "creator",
      "value": "Onliner",
      "attrs": {},
      "children": {}
     }
    ]
   },
   "media": {
    "thumbnail": [
     {
      "name": "thumbnail",
      "value": "",
      "attrs": {
       "url": "https://content.onliner.by/news/thumbnail/b7f1cbc42bb7060461527c1acd19cca6.jpg"
      },
      "children": {}
     }
    ]
   }
  }
 },
 {
  "title": "Серьезная авария в Гродно: Volkswagen влетел в дерево",
  "description": "\u003cp\u003e\u003ca href=\"https://auto.onliner.by/2024/04/23/sereznaya-avariya-v-grodno-volkswagen-vletel-v-derevo\"\u003e\u003cimg src=\"https://content.onliner.by/news/thumbnail/5b82cc0fef47d4e37c55452c3dabfcae.jpg\" alt=\"\" /\u003e\u003c/a\u003e\u003c/p\u003e\u003cp\u003eОб аварии сообщает портал Newgrodno. Инцидент \u003ca href=\"https://newgrodno.by/auto/ryadom-s-novym-mostom-legkovushka-pereletela-razdelitelnuyu-polosu-i-vrezalas-v-derevo/\" target=\"_blank\"\u003eпроизошел\u003c/a\u003e во вторник на улице Весенней в Гродно. Volkswagen Golf ехал к Новому мосту через Неман, на закруглении машина не повернула, а поехала прямо и врезалась в дерево.\u003c/p\u003e\u003cp\u003e\u003ca href=\"https://auto.onliner.by/2024/04/23/sereznaya-avariya-v-grodno-volkswagen-vletel-v-derevo\"\u003eЧитать далее…\u003c/a\u003e\u003c/p\u003e",
  "link": "https://auto.onliner.by/2024/04/23/sereznaya-avariya-v-grodno-volkswagen-vletel-v-derevo",
  "links": [
   "https://auto.onliner.by/2024/04/23/sereznaya-avariya-v-grodno-volkswagen-vletel-v-derevo"
  ],
  "published": "Tue, 23 Apr 2024 19:49:02 +0300",
  "publishedParsed": "2024-04-23T16:49:02Z",
  "author": {
   "name": "Onliner"
  },
  "authors": [
   {
    "name": "Onliner"
   }
  ],
  "guid": "https://auto.onliner.by/2024/04/23/sereznaya-avariya-v-grodno-volkswagen-vletel-v-derevo",
  "image": {
   "url": "https://content.onliner.by/news/thumbnail/5b82cc0fef47d4e37c55452c3dabfcae.jpg"
  },
  "categories": [
   "Аварии"
  ],
  "dcExt": {
   "creator": [
    "Onliner"
   ]
  },
  "extensions": {
   "dc": {
    "creator": [
     {
      "name": "creator",
      "value": "Onliner",
      "attrs": {},
      "children": {}
     }
    ]
   },
   "media": {
    "thumbnail": [
     {
      "name": "thumbnail",
      "value": "",
      "attrs": {
       "url": "https://content.onliner.by/news/thumbnail/5b82cc0fef47d4e37c55452c3dabfcae.jpg"
      },
      "children": {}
     }
    ]
   }
  }
 },
 {
  "title": "Cемиместный минивэн Haima 7X начали официально продавать в Минске",
  "description": "\u003cp\u003e\u003ca href=\"https://auto.onliner.by/2024/04/23/cemimestnyj-miniven-haima-7x-nachali-oficialno-prodavat-v-minske\"\u003e\u003cimg src=\"https://content.onliner.by/news/thumbnail/a587cc2b3d80e5744b5d8969d47f6df0.jpg\" alt=\"\" /\u003e\u003c/a\u003e\u003c/p\u003e\u003cp\u003eCемиместный MPV от компании Haima появился в Беларуси. Дистрибьютор бренда, компания «ПарадАвто», заявляет, что это один из немногих минивэнов, которые сегодня можно купить на белорусском рынке новых автомобилей.\u003c/p\u003e\u003cp\u003e\u003ca href=\"https://auto.onliner.by/2024/04/23/cemimestnyj-miniven-haima-7x-nachali-oficialno-prodavat-v-minske\"\u003eЧитать далее…\u003c/a\u003e\u003c/p\u003e",
  "link": "https://auto.onliner.by/2024/04/23/cemimestnyj-miniven-haima-7x-nachali-oficialno-prodavat-v-minske",
  "links": [
   "https://auto.onliner.by/2024/04/23/cemimestnyj-miniven-haima-7x-nachali-oficialno-prodavat-v-minske"
  ],
  "published": "Tue, 23 Apr 2024 17:10:20 +0300",
  "publishedParsed": "2024-04-23T14:10:20Z",
  "author": {
   "name": "Onliner"
  },
  "authors": [
   {
    "name": "Onliner"
   }
  ],
  "guid": "https://auto.onliner.by/2024/04/23/cemimestnyj-miniven-haima-7x-nachali-oficialno-prodavat-v-minske",
  "image": {
   "url": "https://content.onliner.by/news/thumbnail/a587cc2b3d80e5744b5d8969d47f6df0.jpg"
  },
  "categories": [
   "Новости автомира"
  ],
  "dcExt": {
   "creator": [
    "Onliner"
   ]
  },
  "extensions": {
   "dc": {
    "creator": [
     {
      "name": "creator",
      "value": "Onliner",
      "attrs": {},
      "children": {}
     }
    ]
   },
   "media": {
    "thumbnail": [
     {
      "name": "thumbnail",
      "value": "",
      "attrs": {
       "url": "https://content.onliner.by/news/thumbnail/a587cc2b3d80e5744b5d8969d47f6df0.jpg"
      },
      "children": {}
     }
    ]
   }
  }
 }
]