[
 {
  "title": "–ó–∞–º–µ—Ç–∫–∏ –∏–∑ –≥–∞—Ä–∞–∂–∞ #2: –ø–µ—á–∞—Ç–∞–µ–º –¥–æ–º–∞—à–Ω–∏–µ —Å—Ç–∏–∫–µ—Ä—ã, —Ñ—É—Ç–±–æ–ª–∫–∏, –≤–∏–Ω–∏–ª—ã –Ω–∞ –º–∞—à–∏–Ω—É",
  "description": "–ó–∞–º–µ—Ç–∫–∏ –∏–∑ –≥–∞—Ä–∞–∂–∞ #2",
  "link": "https://vas3k.blog/notes/stickers/",
  "links": [
   "https://vas3k.blog/notes/stickers/"
  ],
  "published": "Tue, 19 Mar 2024 18:30:40 +0000",
  "publishedParsed": "2024-03-19T18:30:40Z",
  "guid": "https://vas3k.blog/notes/stickers/"
 },
 {
  "title": "üë©‚Äçüé§ –ò–Ω–¥–∏ vs –ö–æ—Ä–ø–æ—Ä–∞—Ç üë®‚Äçüíº",
  "description": "\u003ca href='https://vas3k.blog/notes/indie_vs_corpo/'\u003e\u003cimg src='https://i.vas3k.blog/54b5a380ce87174074bf8def44f825dc565ba2ed94e7ec5ea8a36516ee3428c6.jpg'\u003e\u003c/a\u003e\u003cbr\u003e\u003cbr\u003e–ü–æ—á–µ–º—É —Å—Ç–µ–∫ –∏ –ø–æ–¥—Ö–æ–¥ –∫ –ø–µ—Ç-–ø—Ä–æ–µ–∫—Ç–∞–º –¥–∏–∞–º–µ—Ç—Ä–∞–ª—å–Ω–æ –ø—Ä–æ—Ç–∏–≤–æ–ø–æ–ª–æ–∂–µ–Ω —Ç–æ–º—É, —á—Ç–æ –≤—ã –¥–µ–ª–∞–µ—Ç–µ –Ω–∞ —Ä–∞–±–æ—Ç–µ",
  "link": "https://vas3k.blog/notes/indie_vs_corpo/",
  "links": [
   "https://vas3k.blog/notes/indie_vs_corpo/"
  ],
  "published": "Thu, 22 Feb 2024 17:45:26 +0000",
  "publishedParsed": "2024-02-22T17:45:26Z",
  "guid": "https://vas3k.blog/notes/indie_vs_corpo/",
  "image": {
   "url": "https://i.vas3k.blog/54b5a380ce87174074bf8def44f825dc565ba2ed94e7ec5ea8a36516ee3428c6.jpg"
  }
 },
 {
  "title": "–ó–∞–º–µ—Ç–∫–∏ –∏–∑ –≥–∞—Ä–∞–∂–∞: —Ñ–∞–∫—É–ª—å—Ç–µ—Ç—ã Makita, Ryobi, Bosch, DeWalt, Milwaukee",
  "description": "\u003ca href='https://vas3k.blog/notes/makita/'\u003e\u003cimg src='https://i.vas3k.blog/4df3eb8d1bc6005aec371c0feddeb494e62c3a89cd1988cb23c8276c5d8f74d2.png'\u003e\u003c/a\u003e\u003cbr\u003e\u003cbr\u003e–ù–∞ –∫–∞–∫–æ–π –ø–æ—Å—Ç—É–ø–∞—Ç—å? –ß–æ —Ç–∞–∫ –¥–æ—Ä–æ–≥–æ?",
  "link": "https://vas3k.blog/notes/makita/",
  "links": [
   "https://vas3k.blog/notes/makita/"
  ],
  "published": "Tue, 09 Jan 2024 15:37:38 +0000",
  "publishedParsed": "2024-01-09T15:37:38Z",
  "guid": "https://vas3k.blog/notes/makita/",
  "image": {
   "url": "https://i.vas3k.blog/4df3eb8d1bc6005aec371c0feddeb494e62c3a89cd1988cb23c8276c5d8f74d2.png"
  }
 },
 {
  "title": "–ò—Ç–æ–≥–∏ –ì–æ–¥–∞ 2023",
  "description": "\u003ca href='https://vas3k.blog/blog/2023/'\u003e\u003cimg src='https://i.vas3k.blog/afdb23d87081e8f75626f5bfdcf9f4bb3f452b3550e196b1b49357b31410e685.jpg'\u003e\u003c/a\u003e\u003cbr\u003e\u003cbr\u003e–†–∞–∑–æ—á–∞—Ä–æ–≤–∞–Ω–∏–µ, –±–æ–ª—å—à–∏–µ –ø—Ä–æ–µ–∫—Ç—ã –∏ –Ω–æ–≤—ã–µ —Å–∏–ª—ã",
  "link": "https://vas3k.blog/blog/2023/",
  "links": [
   "https://vas3k.blog/blog/2023/"
  ],
  "published": "Mon, 25 Dec 2023 13:56:48 +0000",
  "publishedParsed": "2023-12-25T13:56:48Z",
  "guid": "https://vas3k.blog/blog/2023/",
  "image": {
   "url": "https://i.vas3k.blog/afdb23d87081e8f75626f5bfdcf9f4bb3f452b3550e196b1b49357b31410e685.jpg"
  }
 },
 {
  "title": "Pets vs. Cattle",
  "description": "\u003ca href='https://vas3k.blog/notes/pets_vs_cattle/'\u003e\u003cimg src='https://i.vas3k.blog/3cba81e0f1fe09cf434e3ee5f73782ca1a9e54aa0639f9d39ed4d0d81b057aec.jpg'\u003e\u003c/a\u003e\u003cbr\u003e\u003cbr\u003e¬´–ü–∏—Ç–æ–º—Ü—ã vs. –°–∫–æ—Ç¬ª. 99% –≤–∞—à–µ–π —Ä–∞–±–æ—Ç—ã –≤ –∏—Ç–æ–≥–µ –≤—ã–±—Ä–æ—Å—è—Ç. –ù–æ —ç—Ç–æ –∏ —Å–¥–µ–ª–∞–µ—Ç –≤–∞—Å –ø—Ä–æ—Ñ–µ—Å—Å–∏–æ–Ω–∞–ª–æ–º",
  "link": "https://vas3k.blog/notes/pets_vs_cattle/",
  "links": [
   "https://vas3k.blog/notes/pets_vs_cattle/"
  ],
  "published": "Sun, 29 Oct 2023 22:00:11 +0000",
  "publishedParsed": "2023-10-29T22:00:11Z",
  "guid": "https://vas3k.blog/notes/pets_vs_cattle/",
  "image": {
   "url": "https://i.vas3k.blog/3cba81e0f1fe09cf434e3ee5f73782ca1a9e54aa0639f9d39ed4d0d81b057aec.jpg"
  }
 },
 {
  "title": "Chaos Communication Camp 2023",
  "description": "\u003ca href='https://vas3k.blog/world/cccamp/'\u003e\u003cimg src='https://i.vas3k.blog/a74d09517827f1b70e159457105e76326dba93731ddf939f9556cb0e179158fd.jpg'\u003e\u003c/a\u003e\u003cbr\u003e\u003cbr\u003e–Ø —Ç—É—Ç —Å–≥–æ–Ω—è–ª –Ω–∞ –ª–µ–≥–µ–Ω–¥–∞—Ä–Ω—ã–π —Ö–∞–∫–µ—Ä—Å–∫–∏–π –∫–µ–º–ø, –∫–æ—Ç–æ—Ä—ã–π –ø—Ä–æ—Ö–æ–¥–∏—Ç –≤—Å–µ–≥–æ —Ä–∞–∑ –≤ —á–µ—Ç—ã—Ä–µ –≥–æ–¥–∞, –∏ –ø—Ä–∏—à–µ–ª –≤–∞–º –æ –Ω—ë–º —Ä–∞—Å—Å–∫–∞–∑–∞—Ç—å.\n–î–ª—è –Ω–∞—á–∞–ª–∞ –Ω–µ–º–Ω–æ–≥–æ –ø—Ä–µ–¥—ã—Å—Ç–æ—Ä–∏–∏. –û–¥–Ω–∞ –∏–∑ –≤–µ—â–µ–π, –∫–æ—Ç–æ—Ä–æ–π –ø–æ –ø—Ä–∞–≤—É –º–æ–∂–µ—Ç –≥–æ—Ä–¥–∏—Ç—å—Å—è —Ç–µ—Ö-—Å—Ü–µ–Ω–∞ –ë–µ—Ä–ª–∏–Ω–∞ –∏ –≤–æ–æ–±—â–µ –ì–µ—Ä–º–∞–Ω–∏–∏ ‚Äî —ç—Ç–æ Chaos Computer Club.\nChaos Computer Club, –∏–ª–∏ –∫–æ—Ä–æ—Ç–∫–æ CCC ‚Äî —ç—Ç–æ –∫—Ä—É–ø–Ω–µ–π—à–∞—è –≤ –ï–≤—Ä–æ–ø–µ –∞—Å—Å–æ—Ü–∏–∞—Ü–∏—è —Ö–∞–∫–µ—Ä–æ–≤, –æ—Å–Ω–æ–≤–∞–Ω–Ω–∞—è –µ—â–µ –≤ 1981 –≥–æ–¥—É. –ü–æ —Å–≤–æ–µ–π –∏–∑–≤–µ—Å—Ç–Ω–æ—Å—Ç–∏ –≤ —É–∑–∫–∏—Ö –∫—Ä—É–≥–∞—Ö –æ–Ω–∞ –º–æ–∂–µ—Ç —Å—Ä–∞–≤–Ω–∏—Ç—å—Å—è —Å Anonymous, —Ö–æ—Ç—è –ø–æ—Å–ª–µ–¥–Ω–∏–µ —Å–∫–æ—Ä–µ–µ –¥–≤–∏–∂–µ–Ω–∏–µ –ª—é–±—ã—Ö –∞–Ω–æ–Ω–æ–≤ –±–µ–∑ –∫–∞–∫–æ–π-–ª–∏–±–æ‚Ä¶",
  "link": "https://vas3k.blog/world/cccamp/",
  "links": [
   "https://vas3k.blog/world/cccamp/"
  ],
  "published": "Tue, 22 Aug 2023 11:43:19 +0000",
  "publishedParsed": "2023-08-22T11:43:19Z",
  "guid": "https://vas3k.blog/world/cccamp/",
  "image": {
   "url": "https://i.vas3k.blog/a74d09517827f1b70e159457105e76326dba93731ddf939f9556cb0e179158fd.jpg"
  }
 },
 {
  "title": "–ú–æ–¥–µ—Ä–∞—Ü–∏—é –Ω–µ–≤–æ–∑–º–æ–∂–Ω–æ —Å–¥–µ–ª–∞—Ç—å –ø—Ä–∞–≤–∏–ª—å–Ω–æ",
  "description": "\u003ca href='https://vas3k.blog/notes/moderation/'\u003e\u003cimg src='https://i.vas3k.blog/b4d6d8035bafbbc7216f6e5ad2769704bce983444d6d615a447c39936510a8af.png'\u003e\u003c/a\u003e\u003cbr\u003e\u003cbr\u003e–ù–æ –±–µ–∑ –Ω–µ—ë –≤–∞—à–µ —Å–æ–æ–±—â–µ—Å—Ç–≤–æ —Ç–æ—á–Ω–æ —É–º—Ä—ë—Ç",
  "link": "https://vas3k.blog/notes/moderation/",
  "links": [
   "https://vas3k.blog/notes/moderation/"
  ],
  "published": "Mon, 17 Jul 2023 16:25:06 +0000",
  "publishedParsed": "2023-07-17T16:25:06Z",
  "guid": "https://vas3k.blog/notes/moderation/",
  "image": {
   "url": "https://i.vas3k.blog/b4d6d8035bafbbc7216f6e5ad2769704bce983444d6d615a447c39936510a8af.png"
  }
 },
 {
  "title": "–ü—è—Ç—å –ª–µ—Ç –≤ –ë–µ—Ä–ª–∏–Ω–µ",
  "description": "\u003ca href='https://vas3k.blog/blog/berlin_5_years/'\u003e\u003cimg src='https://i.vas3k.blog/832d6d5359209ba75ac434b96203dc4bae76b8ecaf882795ec1ecdc27f19fc77.jpg'\u003e\u003c/a\u003e\u003cbr\u003e\u003cbr\u003e–ò—Å—Ç–æ—Ä–∏—è –ø–µ—Ä–µ–µ–∑–¥–∞ –≤ ¬´–≥–æ—Ä–æ–¥ –º–µ—á—Ç—ã¬ª. –ü–ª—é—Å—ã-–º–∏–Ω—É—Å—ã, –∏–Ω—Ç–µ–≥—Ä–∞—Ü–∏—è, —É–≤–æ–ª—å–Ω–µ–Ω–∏—è, –∫–æ–≤–∏–¥, –ø–∏–∑–¥–µ—Ü, –∏–ø–æ—Ç–µ–∫–∞",
  "link": "https://vas3k.blog/blog/berlin_5_years/",
  "links": [
   "https://vas3k.blog/blog/berlin_5_years/"
  ],
  "published": "Wed, 14 Jun 2023 09:57:47 +0000",
  "publishedParsed": "2023-06-14T09:57:47Z",
  "guid": "https://vas3k.blog/blog/berlin_5_years/",
  "image": {
   "url": "https://i.vas3k.blog/832d6d5359209ba75ac434b96203dc4bae76b8ecaf882795ec1ecdc27f19fc77.jpg"
  }
 }
]