[
  {
    "method": "sendMessage",
    "args": {
      "chat_id": 123456789,
      "entities": [
        {
          "length": 111,
          "offset": 25,
          "type": "pre"
        }
      ],
      "link_preview_options": {
        "is_disabled": true
      },
      "text": "‚ùå Something went wrong:\n\nTraceback (most recent call last):\n  //bot.star:3:22: in handle\nError in files.read: update.json: no such file\n\n"
    }
  }
]