[
  {
    "method": "sendMessage",
    "args": {
      "chat_id": 123456789,
      "entities": [
        {
          "language": "",
          "length": 14,
          "offset": 0,
          "type": "bold",
          "url": ""
        },
        {
          "language": "",
          "length": 4,
          "offset": 19,
          "type": "bold",
          "url": ""
        }
      ],
      "link_preview_options": {
        "is_disabled": true
      },
      "reply_markup": {},
      "text": "Hello, world!\n\nI’m Ilya!\n\n"
    }
  },
  {
    "method": "sendMessage",
    "args": {
      "chat_id": 123456789,
      "entities": [
        {
          "length": 132,
          "offset": 25,
          "type": "pre"
        }
      ],
      "link_preview_options": {
        "is_disabled": true
      },
      "text": "❌ Something went wrong:\n\nTraceback (most recent call last):\n  //bot.star:6:21: in handle\nError in markdown.convert: markdown.convert: missing argument for s\n\n"
    }
  }
]