[
  {
    "method": "sendMessage",
    "args": {
      "chat_id": 123456789,
      "entities": [
        {
          "length": 163,
          "offset": 25,
          "type": "pre"
        }
      ],
      "link_preview_options": {
        "is_disabled": true
      },
      "text": "‚ùå Something went wrong:\n\nTraceback (most recent call last):\n  //bot.star:5:20: in handle\n  @starlet//tg.star:33:1: in _send_message\nError: function _send_message missing 1 argument (text)\n\n"
    }
  }
]