[
  {
    "chat_id": "test",
    "parse_mode": "HTML",
    "reply_markup": {
      "inline_keyboard": [
        []
      ]
    },
    "text": "ðŸ”— \u003ca href=\"https://example.com/block\"\u003eBlock this item\u003c/a\u003e #examplecom"
  },
  {
    "chat_id": "test",
    "parse_mode": "HTML",
    "reply_markup": {
      "inline_keyboard": [
        []
      ]
    },
    "text": "ðŸ”— \u003ca href=\"https://example.com/extensions\"\u003eItem with extensions\u003c/a\u003e #examplecom"
  },
  {
    "chat_id": "test",
    "parse_mode": "HTML",
    "reply_markup": {
      "inline_keyboard": [
        []
      ]
    },
    "text": "ðŸ”— \u003ca href=\"https://example.com/keep\"\u003eKeep this item\u003c/a\u003e #examplecom"
  }
]