starlet unknown
built with go1.22.3, android/arm64
