Lady Eleanor, with her auburn hair the color of ripe wheat and eyes the shade of a stormy sky, was known throughout the county for her kindness.  Not the saccharine, patronizing kindness of the wealthy, but a genuine compassion that flowed from her like a spring. It wasn't just her vast fortune she used to help others; it was her time, her heart, and a fierce determination to right wrongs wherever she found them.

Her maid, Eliza, was a quiet girl with a face that mirrored the gentle landscape of their village. She had been orphaned at a young age and found a haven in Eleanor's service.  Eleanor treated Eliza as an equal, not just a servant, and their bond was one of deep mutual respect.

One crisp autumn day, a young farmer, Thomas, arrived at the manor, his face drawn with worry. His wife, Amelia, was gravely ill, and their meager savings had dwindled with the doctor's visits. Eleanor, upon hearing his plight, immediately offered her carriage and her own physician.

"But Lady Eleanor," Eliza began, "we already have a patient in the manor, the old fisherman with the broken leg..."

Eleanor smiled gently. "Then we shall make room for another. We have enough for both, Eliza."

Eliza, though she knew better than to argue with her mistress, felt a pang of concern. The manor was already strained with the fisherman's care, and the additional burden of Amelia's illness could prove too much for their modest resources.

Eleanor, sensing Eliza's worry, took her hand. "Don't fret, Eliza.  We'll find a way. We always do."

And they did. Eleanor, ever resourceful, devised a plan. She used her influence to rally the village women, who in turn donated fresh produce, linens, and their skills in nursing. She even convinced the village smith to repair the old fisherman's bed, making it sturdy enough to accommodate two.

Days turned into weeks, and under Eleanor's watchful eye, Amelia started to mend. The village women, inspired by Eleanor's generosity, found themselves working tirelessly alongside her, their initial apprehension giving way to admiration. Eliza, who had initially been hesitant, found herself swept up in the wave of kindness, her own quiet efficiency proving invaluable. 

One evening, as the sunset painted the sky in fiery hues, Eliza stood by Eleanor's side, watching Amelia and Thomas embrace, their faces filled with gratitude.

"You have a good heart, Eliza," Eleanor said, her voice soft.

Eliza blushed, her eyes downcast. "Not as good as yours, Lady Eleanor."

"We are both good in our own way," Eleanor countered, her hand resting gently on Eliza's arm. "Kindness is a seed, Eliza. And together, we can make it bloom."

That night, as Eliza tucked herself into her bed, a quiet contentment settled over her. She knew she was more than just a maid; she was a part of something bigger, a force for good in the world, thanks to the unwavering kindness of her mistress.  Their shared compassion had blossomed into a beautiful tapestry, woven from the threads of their different lives, proving that kindness, like love, could indeed conquer all. 
